// Jest Snapshot v1, https://goo.gl/fbAQLP

exports[`Equipo renders equipo unchanged 1`] = `
<div>
  <main>
    <h1>
      Equipo
    </h1>
  </main>
</div>
`;
