// Jest Snapshot v1, https://goo.gl/fbAQLP

exports[`Home renders homepage unchanged 1`] = `
<div>
  <main>
    <ul>
      <li>
        <a
          href="/productos/azulejos-verdes"
        >
          Azulejos verdes
        </a>
      </li>
      <li>
        <a
          href="/productos/azulejos-azules"
        >
          Azulejos azules
        </a>
      </li>
    </ul>
  </main>
</div>
`;

exports[`Page renders homepage unchanged 1`] = `
<div>
  <main>
    <ul>
      <li>
        <a
          href="/productos/azulejos-verdes"
        >
          Azulejos verdes
        </a>
      </li>
      <li>
        <a
          href="/productos/azulejos-azules"
        >
          Azulejos azules
        </a>
      </li>
    </ul>
  </main>
</div>
`;
