// Jest Snapshot v1, https://goo.gl/fbAQLP

exports[`Room renders Room unchanged 1`] = `
<div>
  <main>
    <h1>
      Cocina
    </h1>
    <section>
      <ul
        aria-label="Lista de Productos"
      >
        <li>
          <a
            href="/productos/azulejos-guardados"
          >
            Azulejos Guardados
          </a>
        </li>
        <li>
          <a
            href="/productos/luz-led"
          >
            Luz Led
          </a>
        </li>
      </ul>
    </section>
    <section>
      <ul
        aria-label="Lista de los principales Colaboradores del Ambiente"
      >
        <li>
          Luz Viva
        </li>
      </ul>
    </section>
    <section>
      <ul
        aria-label="Lista del resto de los Colaboradores  del Ambiente"
      >
        <li>
          Cocina Design
        </li>
      </ul>
    </section>
  </main>
</div>
`;
