// Jest Snapshot v1, https://goo.gl/fbAQLP

exports[`Heading matches snapshot 1`] = `
<h1
  class="uppercase text-3xl mt-12 mb-6 sm:mt-16 sm:mb-9 md:mt-20 md:mb-12 italic opacity-0"
>
  TÃ­tulo
</h1>
`;
